// Jest Snapshot v1, https://goo.gl/fbAQLP

exports[`Usercard renders the Usercard 1`] = `<Usercard />`;
